[{"stream_name":"stdout","time":1.282828469,"data":"\n"}
,{"stream_name":"stdout","time":1.2829197350000001,"data":"$ /usr/bin/python3 -m pip install --quiet --no-deps torch==2.7.1 --index-url https://download.pytorch.org/whl/cu126\n"}
,{"stream_name":"stdout","time":14.465184131000001,"data":"   ━━━━━━━━━━━━━━━━━━━━━━━━━━━━━━━━━━━━━━━━ 822.0/822.0 MB 2.2 MB/s eta 0:00:00\n"}
,{"stream_name":"stdout","time":57.15140933,"data":"\n"}
,{"stream_name":"stdout","time":57.151459898,"data":"$ /usr/bin/python3 -m pip install --quiet nvidia-cusparselt-cu12==0.6.3\n"}
,{"stream_name":"stdout","time":61.360638676,"data":"   ━━━━━━━━━━━━━━━━━━━━━━━━━━━━━━━━━━━━━━━━ 156.8/156.8 MB 11.6 MB/s eta 0:00:00\n"}
,{"stream_name":"stderr","time":68.679639599,"data":"ERROR: pip's dependency resolver does not currently take into account all the packages that are installed. This behaviour is the source of the following dependency conflicts.\n"}
,{"stream_name":"stderr","time":68.679700166,"data":"torch 2.7.1+cu126 requires nvidia-cublas-cu12==12.6.4.1; platform_system == \"Linux\" and platform_machine == \"x86_64\", but you have nvidia-cublas-cu12 12.8.4.1 which is incompatible.\n"}
,{"stream_name":"stderr","time":68.679707094,"data":"torch 2.7.1+cu126 requires nvidia-cuda-cupti-cu12==12.6.80; platform_system == \"Linux\" and platform_machine == \"x86_64\", but you have nvidia-cuda-cupti-cu12 12.8.90 which is incompatible.\n"}
,{"stream_name":"stderr","time":68.679713823,"data":"torch 2.7.1+cu126 requires nvidia-cuda-nvrtc-cu12==12.6.77; platform_system == \"Linux\" and platform_machine == \"x86_64\", but you have nvidia-cuda-nvrtc-cu12 12.8.93 which is incompatible.\n"}
,{"stream_name":"stderr","time":68.679719021,"data":"torch 2.7.1+cu126 requires nvidia-cuda-runtime-cu12==12.6.77; platform_system == \"Linux\" and platform_machine == \"x86_64\", but you have nvidia-cuda-runtime-cu12 12.8.90 which is incompatible.\n"}
,{"stream_name":"stderr","time":68.679724033,"data":"torch 2.7.1+cu126 requires nvidia-cudnn-cu12==9.5.1.17; platform_system == \"Linux\" and platform_machine == \"x86_64\", but you have nvidia-cudnn-cu12 9.10.2.21 which is incompatible.\n"}
,{"stream_name":"stderr","time":68.679729065,"data":"torch 2.7.1+cu126 requires nvidia-cufft-cu12==11.3.0.4; platform_system == \"Linux\" and platform_machine == \"x86_64\", but you have nvidia-cufft-cu12 11.3.3.83 which is incompatible.\n"}
,{"stream_name":"stderr","time":68.67973434,"data":"torch 2.7.1+cu126 requires nvidia-cufile-cu12==1.11.1.6; platform_system == \"Linux\" and platform_machine == \"x86_64\", but you have nvidia-cufile-cu12 1.13.1.3 which is incompatible.\n"}
,{"stream_name":"stderr","time":68.679739407,"data":"torch 2.7.1+cu126 requires nvidia-curand-cu12==10.3.7.77; platform_system == \"Linux\" and platform_machine == \"x86_64\", but you have nvidia-curand-cu12 10.3.9.90 which is incompatible.\n"}
,{"stream_name":"stderr","time":68.679744617,"data":"torch 2.7.1+cu126 requires nvidia-cusolver-cu12==11.7.1.2; platform_system == \"Linux\" and platform_machine == \"x86_64\", but you have nvidia-cusolver-cu12 11.7.3.90 which is incompatible.\n"}
,{"stream_name":"stderr","time":68.679749666,"data":"torch 2.7.1+cu126 requires nvidia-cusparse-cu12==12.5.4.2; platform_system == \"Linux\" and platform_machine == \"x86_64\", but you have nvidia-cusparse-cu12 12.5.8.93 which is incompatible.\n"}
,{"stream_name":"stderr","time":68.679756293,"data":"torch 2.7.1+cu126 requires nvidia-nccl-cu12==2.26.2; platform_system == \"Linux\" and platform_machine == \"x86_64\", but you have nvidia-nccl-cu12 2.27.5 which is incompatible.\n"}
,{"stream_name":"stderr","time":68.679761501,"data":"torch 2.7.1+cu126 requires nvidia-nvjitlink-cu12==12.6.85; platform_system == \"Linux\" and platform_machine == \"x86_64\", but you have nvidia-nvjitlink-cu12 12.8.93 which is incompatible.\n"}
,{"stream_name":"stderr","time":68.679779976,"data":"torch 2.7.1+cu126 requires nvidia-nvtx-cu12==12.6.77; platform_system == \"Linux\" and platform_machine == \"x86_64\", but you have nvidia-nvtx-cu12 12.8.90 which is incompatible.\n"}
,{"stream_name":"stderr","time":68.679784129,"data":"torch 2.7.1+cu126 requires triton==3.3.1; platform_system == \"Linux\" and platform_machine == \"x86_64\", but you have triton 3.6.0 which is incompatible.\n"}
,{"stream_name":"stderr","time":68.67978832,"data":"torchaudio 2.10.0+cu128 requires torch==2.10.0, but you have torch 2.7.1+cu126 which is incompatible.\n"}
,{"stream_name":"stderr","time":68.679792363,"data":"torchvision 0.25.0+cu128 requires torch==2.10.0, but you have torch 2.7.1+cu126 which is incompatible.\n"}
,{"stream_name":"stdout","time":68.79081348,"data":"\n"}
,{"stream_name":"stdout","time":68.790842911,"data":"$ git clone --quiet --filter=blob:none --no-checkout https://github.com/ayushdebnath012/SciML-Project.git /kaggle/temp/sciml-source\n"}
,{"stream_name":"stdout","time":70.19479823,"data":"\n"}
,{"stream_name":"stdout","time":70.194829077,"data":"$ git -C /kaggle/temp/sciml-source sparse-checkout set wave/openfwi\n"}
,{"stream_name":"stdout","time":70.199026483,"data":"\n"}
,{"stream_name":"stdout","time":70.199047127,"data":"$ git -C /kaggle/temp/sciml-source checkout --quiet c4fb05fff4f61821db443eec2a7bdf8407db47ea\n"}
,{"stream_name":"stdout","time":74.172924816,"data":"gpu: Tesla P100-PCIE-16GB (17.1 GB), torch 2.7.1+cu126\n"}
,{"stream_name":"stdout","time":74.172964231,"data":"\n"}
,{"stream_name":"stdout","time":74.172968657,"data":"$ /usr/bin/python3 /kaggle/temp/sciml-source/wave/openfwi/test_openfwi.py\n"}
,{"stream_name":"stdout","time":79.188720285,"data":"torch 2.7.1+cu126\n"}
,{"stream_name":"stdout","time":79.188772577,"data":"\n"}
,{"stream_name":"stdout","time":79.188778774,"data":"-- kernels --\n"}
,{"stream_name":"stdout","time":79.188783735,"data":"  PASS  grouped spectral conv == loop of independent convs   max abs diff 0.00e+00\n"}
,{"stream_name":"stdout","time":79.188790794,"data":"  PASS  DepthToTime initialises to linear interpolation   rows sum to 1: True, \u003c=2 nonzero: 2, ramp err 1.19e-07\n"}
,{"stream_name":"stdout","time":79.188806893,"data":"  PASS  graph kernel aggregates the L2 ball, boundary included   stencil 13 offsets, 13 nodes see a lone spike, uniform err 0.00e+00\n"}
,{"stream_name":"stdout","time":79.188811071,"data":"  PASS  graph kernel is input-dependent (varies with velocity)   max abs diff 4.25e-01\n"}
,{"stream_name":"stdout","time":79.188814487,"data":"\n"}
,{"stream_name":"stdout","time":79.188817603,"data":"-- models --\n"}
,{"stream_name":"stdout","time":79.188820815,"data":"  PASS  FNO       shape (2, 5, 200, 70), finite, all params get gradient   got (2, 5, 200, 70)\n"}
,{"stream_name":"stdout","time":79.188824777,"data":"  PASS  GNO       shape (2, 5, 200, 70), finite, all params get gradient   got (2, 5, 200, 70)\n"}
,{"stream_name":"stdout","time":79.188842079,"data":"  PASS  DeepONet  shape (2, 5, 200, 70), finite, all params get gradient   got (2, 5, 200, 70)\n"}
,{"stream_name":"stdout","time":79.188847814,"data":"  PASS  PFNO      shape (2, 5, 200, 70), finite, all params get gradient   got (2, 5, 200, 70)\n"}
,{"stream_name":"stdout","time":79.18885312,"data":"  PASS  PFNO output is real, band-limited, real-valued DC   |spec| above band 4.21e-08, inside 3.02e-01, DC imag 0.00e+00\n"}
,{"stream_name":"stdout","time":79.188859123,"data":"\n"}
,{"stream_name":"stdout","time":79.188864148,"data":"-- accounting --\n"}
,{"stream_name":"stdout","time":79.188881071,"data":"  PASS  band-limit oracle is lossless at the full band and lossy below it   full 1.98e-14%, 8 bins 87.00%\n"}
,{"stream_name":"stdout","time":79.1888851,"data":"  PASS  real parameter count charges complex weights twice   nominal 6467, real 10563, complex 4096\n"}
,{"stream_name":"stdout","time":79.188888875,"data":"\n"}
,{"stream_name":"stdout","time":79.188892283,"data":"0 failure(s)\n"}
,{"stream_name":"stdout","time":80.466894493,"data":"\n"}
,{"stream_name":"stdout","time":80.466937457,"data":"$ /usr/bin/python3 -u /kaggle/temp/sciml-source/wave/openfwi/fetch_openfwi.py --datasets CurveVel_B --train-chunks 4 --val-chunks 1 --root /kaggle/temp/openfwi_data --jobs 6\n"}
,{"stream_name":"stdout","time":80.644773548,"data":"1 datasets x 4 train + 1 val chunks = 10 files, ~3.5 GB -\u003e /kaggle/temp/openfwi_data\n"}
,{"stream_name":"stdout","time":80.644806079,"data":"train chunks [1, 2, 3, 4]\n"}
,{"stream_name":"stdout","time":80.644833132,"data":"val chunks   [49]\n"}
,{"stream_name":"stdout","time":80.644837266,"data":"=== CurveVel_B  data(500, 5, 1000, 70)  model(500, 1, 70, 70) ===\n"}
,{"stream_name":"stdout","time":81.53936156,"data":"  [ 1/10] CurveVel_B/model/model3.npy  10 MB in 1s (14.9 MB/s)\n"}
,{"stream_name":"stdout","time":81.58614541,"data":"  [ 2/10] CurveVel_B/model/model1.npy  10 MB in 1s (14.7 MB/s)\n"}
,{"stream_name":"stdout","time":81.873762701,"data":"  [ 3/10] CurveVel_B/model/model2.npy  10 MB in 1s (13.0 MB/s)\n"}
,{"stream_name":"stdout","time":82.524366969,"data":"  [ 4/10] CurveVel_B/model/model4.npy  10 MB in 1s (13.3 MB/s)\n"}
,{"stream_name":"stdout","time":83.089699706,"data":"  [ 5/10] CurveVel_B/model/model49.npy  10 MB in 0s (25.4 MB/s)\n"}
,{"stream_name":"stdout","time":95.279726703,"data":"  [ 6/10] CurveVel_B/data/data3.npy  700 MB in 14s (48.5 MB/s)\n"}
,{"stream_name":"stdout","time":96.718687215,"data":"  [ 7/10] CurveVel_B/data/data2.npy  700 MB in 16s (44.2 MB/s)\n"}
,{"stream_name":"stdout","time":102.083773967,"data":"  [ 8/10] CurveVel_B/data/data4.npy  700 MB in 20s (34.5 MB/s)\n"}
,{"stream_name":"stdout","time":107.187286761,"data":"  [ 9/10] CurveVel_B/data/data1.npy  700 MB in 26s (26.6 MB/s)\n"}
,{"stream_name":"stdout","time":117.084786066,"data":"    CurveVel_B/data/data49.npy  30.6%    6.1 MB/s\n"}
,{"stream_name":"stdout","time":147.114637256,"data":"    CurveVel_B/data/data49.npy  43.1%    2.9 MB/s\n"}
,{"stream_name":"stdout","time":177.18758826,"data":"    CurveVel_B/data/data49.npy  70.7%    6.4 MB/s\n"}
,{"stream_name":"stdout","time":210.911160426,"data":"    CurveVel_B/data/data49.npy  90.3%    4.1 MB/s\n"}
,{"stream_name":"stdout","time":218.721600151,"data":"  [10/10] CurveVel_B/data/data49.npy  700 MB in 137s (5.1 MB/s)\n"}
,{"stream_name":"stdout","time":218.722248917,"data":"\n"}
,{"stream_name":"stdout","time":218.72227313,"data":"verified all 10 headers against dataset_config.json in 2.3 min\n"}
,{"stream_name":"stdout","time":218.722279652,"data":"  CurveVel_B/train: chunks [1, 2, 3, 4]\n"}
,{"stream_name":"stdout","time":218.722285529,"data":"  CurveVel_B/val: chunks [49]\n"}
,{"stream_name":"stdout","time":218.751518087,"data":"verified complete payloads for CurveVel_B\n"}
,{"stream_name":"stdout","time":218.751562583,"data":"\n"}
,{"stream_name":"stdout","time":218.751568458,"data":"$ /usr/bin/python3 -u /kaggle/temp/sciml-source/wave/openfwi/train_openfwi.py --root /kaggle/temp/openfwi_data --dataset CurveVel_B --train-chunks 4 --val-chunks 1 --models DeepONet,GNO --epochs 100 --batch-size 8 --lr 0.002 --weight-decay 0.0001 --seed 42 --init-seed 42 --cache ram --outdir /kaggle/working/bench_results/curvevel_b --don-latent 128 --don-hidden 256 --don-fourier 32 --don-fourier-scale 8.0 --gno-width 64 --gno-kernel-hidden 256 --gno-radius 3 --gno-dec-radius 2 --gno-enc-layers 4 --gno-dec-layers 2 --gno-t-latent 250 --gno-checkpoint\n"}
,{"stream_name":"stdout","time":220.974533753,"data":"device: cuda (Tesla P100-PCIE-16GB)\n"}
,{"stream_name":"stdout","time":220.978280773,"data":"CurveVel_B: train 2000 / val 500   velocity (1, 70, 70) -\u003e gather (5, 1000, 70)\n"}
,{"stream_name":"stdout","time":229.974412806,"data":"cached 3.5 GB on ram in 9 s\n"}
,{"stream_name":"stdout","time":231.270771461,"data":"representation scales:\n"}
,{"stream_name":"stdout","time":231.27084992,"data":"  PFNO band limit    64 bins :  0.098 %  \u003c- hard floor, bins above the band are zeroed\n"}
,{"stream_name":"stdout","time":231.270860982,"data":"  FNO  time latent  250 pts  :  1.748 %  (single-channel resample; the latent is multi-channel, so this is a reference, not a bound)\n"}
,{"stream_name":"stdout","time":231.270867052,"data":"  GNO  time latent  250 pts  :  1.748 %  (same)\n"}
,{"stream_name":"stdout","time":231.394443216,"data":"\n"}
,{"stream_name":"stdout","time":231.394481096,"data":"=== DeepONet: 1,468,673 params (1,468,673 real) ===\n"}
,{"stream_name":"stdout","time":252.374465315,"data":"  DeepONet  ep    1/100  train_mse=4.0009e-02  val_relL2=109.613%\n"}
,{"stream_name":"stdout","time":379.914282668,"data":"  DeepONet  ep    8/100  train_mse=9.5909e-04  val_relL2= 80.293%\n"}
,{"stream_name":"stdout","time":525.476050049,"data":"  DeepONet  ep   16/100  train_mse=7.0816e-04  val_relL2= 63.175%\n"}
,{"stream_name":"stdout","time":671.051102163,"data":"  DeepONet  ep   24/100  train_mse=7.1664e-04  val_relL2= 60.516%\n"}
,{"stream_name":"stdout","time":816.443114645,"data":"  DeepONet  ep   32/100  train_mse=1.0558e-01  val_relL2=138.979%\n"}
,{"stream_name":"stdout","time":961.83360202,"data":"  DeepONet  ep   40/100  train_mse=1.2571e-03  val_relL2= 86.892%\n"}
,{"stream_name":"stdout","time":1106.887370353,"data":"  DeepONet  ep   48/100  train_mse=8.2168e-04  val_relL2= 70.900%\n"}
,{"stream_name":"stdout","time":1251.981079278,"data":"  DeepONet  ep   56/100  train_mse=5.8312e-04  val_relL2= 59.988%\n"}
,{"stream_name":"stdout","time":1396.990410963,"data":"  DeepONet  ep   64/100  train_mse=4.6467e-04  val_relL2= 53.952%\n"}
,{"stream_name":"stdout","time":1542.066995099,"data":"  DeepONet  ep   72/100  train_mse=4.1018e-04  val_relL2= 51.100%\n"}
,{"stream_name":"stdout","time":1687.790328307,"data":"  DeepONet  ep   80/100  train_mse=3.7538e-04  val_relL2= 48.808%\n"}
,{"stream_name":"stdout","time":1833.477090342,"data":"  DeepONet  ep   88/100  train_mse=3.4657e-04  val_relL2= 47.504%\n"}
,{"stream_name":"stdout","time":1979.562068476,"data":"  DeepONet  ep   96/100  train_mse=3.3068e-04  val_relL2= 46.872%\n"}
,{"stream_name":"stdout","time":2052.190769226,"data":"  DeepONet  ep  100/100  train_mse=3.2911e-04  val_relL2= 46.823%\n"}
,{"stream_name":"stdout","time":2053.564171156,"data":"  -\u003e DeepONet: rel L2 = 46.823% (median 45.749%), RMSE 0.7978, 1818 s\n"}
,{"stream_name":"stdout","time":2053.571653826,"data":"\n"}
,{"stream_name":"stdout","time":2053.571699282,"data":"=== GNO: 174,113 params (174,113 real) ===\n"}
,{"stream_name":"stdout","time":2296.621925909,"data":"  GNO       ep    1/100  train_mse=2.2520e-02  val_relL2=100.224%\n"}
,{"stream_name":"stdout","time":3993.045647102,"data":"  GNO       ep    8/100  train_mse=1.0662e-03  val_relL2= 61.588%\n"}
,{"stream_name":"stdout","time":5931.724934474,"data":"  GNO       ep   16/100  train_mse=2.1375e-04  val_relL2= 33.797%\n"}
,{"stream_name":"stdout","time":7870.295791938,"data":"  GNO       ep   24/100  train_mse=1.3207e-04  val_relL2= 26.187%\n"}
,{"stream_name":"stdout","time":9810.629842177,"data":"  GNO       ep   32/100  train_mse=1.1023e-04  val_relL2= 24.361%\n"}
,{"stream_name":"stdout","time":11751.307327384,"data":"  GNO       ep   40/100  train_mse=9.7466e-05  val_relL2= 22.077%\n"}
,{"stream_name":"stdout","time":13690.27897535,"data":"  GNO       ep   48/100  train_mse=9.2377e-05  val_relL2= 21.321%\n"}
,{"stream_name":"stdout","time":15630.459839329,"data":"  GNO       ep   56/100  train_mse=8.7038e-05  val_relL2= 21.141%\n"}
,{"stream_name":"stdout","time":17571.466923379,"data":"  GNO       ep   64/100  train_mse=8.3015e-05  val_relL2= 20.457%\n"}
,{"stream_name":"stdout","time":19512.324688055,"data":"  GNO       ep   72/100  train_mse=7.9430e-05  val_relL2= 20.163%\n"}
,{"stream_name":"stdout","time":21453.287774552,"data":"  GNO       ep   80/100  train_mse=7.7293e-05  val_relL2= 19.601%\n"}
,{"stream_name":"stdout","time":23393.662214408,"data":"  GNO       ep   88/100  train_mse=7.5652e-05  val_relL2= 19.395%\n"}
,{"stream_name":"stdout","time":25332.354756157,"data":"  GNO       ep   96/100  train_mse=7.4583e-05  val_relL2= 19.204%\n"}
,{"stream_name":"stdout","time":26301.53712878,"data":"  GNO       ep  100/100  train_mse=7.4416e-05  val_relL2= 19.199%\n"}
,{"stream_name":"stdout","time":26313.933726291,"data":"  -\u003e GNO: rel L2 = 19.199% (median 18.072%), RMSE 0.3296, 24248 s\n"}
,{"stream_name":"stdout","time":26317.067110725,"data":"\n"}
,{"stream_name":"stdout","time":26317.067136832,"data":"{\n"}
,{"stream_name":"stdout","time":26317.067142561,"data":"  \"DeepONet\": {\n"}
,{"stream_name":"stdout","time":26317.067147762,"data":"    \"parameters\": 1468673,\n"}
,{"stream_name":"stdout","time":26317.06715286,"data":"    \"parameters_real\": 1468673,\n"}
,{"stream_name":"stdout","time":26317.067157983,"data":"    \"training_time_s\": 1818.4115508380003,\n"}
,{"stream_name":"stdout","time":26317.067162994,"data":"    \"seconds_per_epoch\": 18.184115508380003,\n"}
,{"stream_name":"stdout","time":26317.067168022,"data":"    \"rel_l2_pct\": 46.823020935058594,\n"}
,{"stream_name":"stdout","time":26317.06717305,"data":"    \"rel_l2_pct_median\": 45.7491455078125,\n"}
,{"stream_name":"stdout","time":26317.067178118,"data":"    \"mae\": 0.43319806456565857,\n"}
,{"stream_name":"stdout","time":26317.067183139,"data":"    \"rmse\": 0.7978258728981018\n"}
,{"stream_name":"stdout","time":26317.067188234,"data":"  },\n"}
,{"stream_name":"stdout","time":26317.067192987,"data":"  \"GNO\": {\n"}
,{"stream_name":"stdout","time":26317.067197872,"data":"    \"parameters\": 174113,\n"}
,{"stream_name":"stdout","time":26317.067202822,"data":"    \"parameters_real\": 174113,\n"}
,{"stream_name":"stdout","time":26317.067207917,"data":"    \"training_time_s\": 24247.964947859,\n"}
,{"stream_name":"stdout","time":26317.067212835,"data":"    \"seconds_per_epoch\": 242.47964947859,\n"}
,{"stream_name":"stdout","time":26317.067217831,"data":"    \"rel_l2_pct\": 19.19861602783203,\n"}
,{"stream_name":"stdout","time":26317.067222789,"data":"    \"rel_l2_pct_median\": 18.072404861450195,\n"}
,{"stream_name":"stdout","time":26317.067228132,"data":"    \"mae\": 0.16509750485420227,\n"}
,{"stream_name":"stdout","time":26317.067233085,"data":"    \"rmse\": 0.3296225666999817\n"}
,{"stream_name":"stdout","time":26317.067237989,"data":"  }\n"}
,{"stream_name":"stdout","time":26317.067242668,"data":"}\n"}
,{"stream_name":"stdout","time":26317.067247337,"data":"wrote /kaggle/working/bench_results/curvevel_b\n"}
,{"stream_name":"stdout","time":26318.348242158,"data":"\n"}
,{"stream_name":"stdout","time":26318.348279726,"data":"== CurveVel_B DeepONet/GNO benchmark\n"}
,{"stream_name":"stdout","time":26318.348318468,"data":"  DeepONet  rel L2 46.823%  median 45.749%  RMSE 0.797826\n"}
,{"stream_name":"stdout","time":26318.34832438,"data":"  GNO       rel L2 19.199%  median 18.072%  RMSE 0.329623\n"}
,{"stream_name":"stdout","time":26319.389190651,"data":"finished CurveVel_B driver in 7.29 h\n"}
,{"stream_name":"stdout","time":26319.389225384,"data":"failures: {}\n"}
,{"stream_name":"stdout","time":26319.38923098,"data":"archive: /kaggle/working/curvevel_b_deeponet_gno.zip\n"}
,{"stream_name":"stderr","time":26322.032226192,"data":"/usr/local/lib/python3.12/dist-packages/mistune.py:435: SyntaxWarning: invalid escape sequence '\\|'\n"}
,{"stream_name":"stderr","time":26322.03225422,"data":"  cells[i][c] = re.sub('\\\\\\\\\\|', '|', cell)\n"}
,{"stream_name":"stderr","time":26322.352735701,"data":"/usr/local/lib/python3.12/dist-packages/nbconvert/filters/filter_links.py:36: SyntaxWarning: invalid escape sequence '\\_'\n"}
,{"stream_name":"stderr","time":26322.352766115,"data":"  text = re.sub(r'_', '\\_', text) # Escape underscores in display text\n"}
,{"stream_name":"stderr","time":26323.038557241,"data":"[NbConvertApp] Converting notebook __script__.ipynb to html\n"}
,{"stream_name":"stderr","time":26324.376858529,"data":"[NbConvertApp] Writing 300593 bytes to __results__.html\n"}
]