2026-09-01T14:03:48.0473918+05:30  monitor started for ayushdebnath0123/openfwi-fno-pfno-benchmark
2026-09-01T14:03:49.0472793+05:30  ayushdebnath0123/openfwi-fno-pfno-benchmark has status "KernelWorkerStatus.RUNNING"
2026-09-01T14:04:49.9913857+05:30  ayushdebnath0123/openfwi-fno-pfno-benchmark has status "KernelWorkerStatus.RUNNING"
2026-09-01T14:05:50.9475011+05:30  ayushdebnath0123/openfwi-fno-pfno-benchmark has status "KernelWorkerStatus.RUNNING"
2026-09-01T14:06:51.8477101+05:30  ayushdebnath0123/openfwi-fno-pfno-benchmark has status "KernelWorkerStatus.RUNNING"
2026-09-01T14:07:52.8323091+05:30  ayushdebnath0123/openfwi-fno-pfno-benchmark has status "KernelWorkerStatus.RUNNING"
2026-09-01T14:08:54.0264039+05:30  ayushdebnath0123/openfwi-fno-pfno-benchmark has status "KernelWorkerStatus.RUNNING"
2026-09-01T14:09:55.0242583+05:30  ayushdebnath0123/openfwi-fno-pfno-benchmark has status "KernelWorkerStatus.RUNNING"
2026-09-01T14:10:56.0030936+05:30  ayushdebnath0123/openfwi-fno-pfno-benchmark has status "KernelWorkerStatus.RUNNING"
2026-09-01T14:11:57.0023059+05:30  ayushdebnath0123/openfwi-fno-pfno-benchmark has status "KernelWorkerStatus.RUNNING"
2026-09-01T14:12:57.9871030+05:30  ayushdebnath0123/openfwi-fno-pfno-benchmark has status "KernelWorkerStatus.RUNNING"
2026-09-01T14:13:59.1504471+05:30  ayushdebnath0123/openfwi-fno-pfno-benchmark has status "KernelWorkerStatus.RUNNING"
2026-09-01T14:15:00.1206043+05:30  ayushdebnath0123/openfwi-fno-pfno-benchmark has status "KernelWorkerStatus.RUNNING"
2026-09-01T14:16:01.0945569+05:30  ayushdebnath0123/openfwi-fno-pfno-benchmark has status "KernelWorkerStatus.RUNNING"
2026-09-01T14:17:02.0509066+05:30  ayushdebnath0123/openfwi-fno-pfno-benchmark has status "KernelWorkerStatus.RUNNING"
2026-09-01T14:18:03.0021490+05:30  ayushdebnath0123/openfwi-fno-pfno-benchmark has status "KernelWorkerStatus.RUNNING"
2026-09-01T14:19:05.1134644+05:30  ayushdebnath0123/openfwi-fno-pfno-benchmark has status "KernelWorkerStatus.RUNNING"
2026-09-01T14:20:06.1815926+05:30  ayushdebnath0123/openfwi-fno-pfno-benchmark has status "KernelWorkerStatus.RUNNING"
2026-09-01T14:21:07.1882285+05:30  ayushdebnath0123/openfwi-fno-pfno-benchmark has status "KernelWorkerStatus.RUNNING"
2026-09-01T14:22:09.0179050+05:30  ayushdebnath0123/openfwi-fno-pfno-benchmark has status "KernelWorkerStatus.RUNNING"
2026-09-01T14:23:10.0659243+05:30  ayushdebnath0123/openfwi-fno-pfno-benchmark has status "KernelWorkerStatus.RUNNING"
2026-09-01T14:24:11.2842138+05:30  ayushdebnath0123/openfwi-fno-pfno-benchmark has status "KernelWorkerStatus.RUNNING"
2026-09-01T14:25:12.2802727+05:30  ayushdebnath0123/openfwi-fno-pfno-benchmark has status "KernelWorkerStatus.RUNNING"
2026-09-01T14:26:13.2726099+05:30  ayushdebnath0123/openfwi-fno-pfno-benchmark has status "KernelWorkerStatus.RUNNING"
2026-09-01T14:27:15.1213657+05:30  ayushdebnath0123/openfwi-fno-pfno-benchmark has status "KernelWorkerStatus.RUNNING"
2026-09-01T14:28:16.0997244+05:30  ayushdebnath0123/openfwi-fno-pfno-benchmark has status "KernelWorkerStatus.RUNNING"
2026-09-01T14:29:17.2055183+05:30  ayushdebnath0123/openfwi-fno-pfno-benchmark has status "KernelWorkerStatus.RUNNING"
2026-09-01T14:30:18.1878038+05:30  ayushdebnath0123/openfwi-fno-pfno-benchmark has status "KernelWorkerStatus.RUNNING"
2026-09-01T14:31:19.1483408+05:30  ayushdebnath0123/openfwi-fno-pfno-benchmark has status "KernelWorkerStatus.RUNNING"
2026-09-01T14:32:20.1162494+05:30  ayushdebnath0123/openfwi-fno-pfno-benchmark has status "KernelWorkerStatus.RUNNING"
2026-09-01T14:33:21.0714911+05:30  ayushdebnath0123/openfwi-fno-pfno-benchmark has status "KernelWorkerStatus.RUNNING"
2026-09-01T14:34:22.2132010+05:30  ayushdebnath0123/openfwi-fno-pfno-benchmark has status "KernelWorkerStatus.RUNNING"
2026-09-01T14:35:23.1447285+05:30  ayushdebnath0123/openfwi-fno-pfno-benchmark has status "KernelWorkerStatus.RUNNING"
2026-09-01T14:36:24.1465506+05:30  ayushdebnath0123/openfwi-fno-pfno-benchmark has status "KernelWorkerStatus.RUNNING"
2026-09-01T14:37:25.1050916+05:30  ayushdebnath0123/openfwi-fno-pfno-benchmark has status "KernelWorkerStatus.RUNNING"
2026-09-01T14:38:26.1068979+05:30  ayushdebnath0123/openfwi-fno-pfno-benchmark has status "KernelWorkerStatus.RUNNING"
2026-09-01T14:39:28.0448389+05:30  ayushdebnath0123/openfwi-fno-pfno-benchmark has status "KernelWorkerStatus.RUNNING"
2026-09-01T14:40:29.0037407+05:30  ayushdebnath0123/openfwi-fno-pfno-benchmark has status "KernelWorkerStatus.RUNNING"
2026-09-01T14:41:29.9933678+05:30  ayushdebnath0123/openfwi-fno-pfno-benchmark has status "KernelWorkerStatus.RUNNING"
2026-09-01T14:42:31.6753607+05:30  ayushdebnath0123/openfwi-fno-pfno-benchmark has status "KernelWorkerStatus.RUNNING"
2026-09-01T14:43:32.6725358+05:30  ayushdebnath0123/openfwi-fno-pfno-benchmark has status "KernelWorkerStatus.RUNNING"
2026-09-01T14:44:33.8622768+05:30  ayushdebnath0123/openfwi-fno-pfno-benchmark has status "KernelWorkerStatus.RUNNING"
2026-09-01T14:45:35.7316936+05:30  ayushdebnath0123/openfwi-fno-pfno-benchmark has status "KernelWorkerStatus.RUNNING"
2026-09-01T14:46:36.7058186+05:30  ayushdebnath0123/openfwi-fno-pfno-benchmark has status "KernelWorkerStatus.RUNNING"
2026-09-01T14:47:38.5334133+05:30  ayushdebnath0123/openfwi-fno-pfno-benchmark has status "KernelWorkerStatus.RUNNING"
2026-09-01T14:48:39.5044853+05:30  ayushdebnath0123/openfwi-fno-pfno-benchmark has status "KernelWorkerStatus.RUNNING"
2026-09-01T14:49:42.0638448+05:30  ayushdebnath0123/openfwi-fno-pfno-benchmark has status "KernelWorkerStatus.RUNNING"
2026-09-01T14:50:43.0470296+05:30  ayushdebnath0123/openfwi-fno-pfno-benchmark has status "KernelWorkerStatus.RUNNING"
2026-09-01T14:51:44.8752128+05:30  ayushdebnath0123/openfwi-fno-pfno-benchmark has status "KernelWorkerStatus.RUNNING"
2026-09-01T14:52:47.8990788+05:30  ayushdebnath0123/openfwi-fno-pfno-benchmark has status "KernelWorkerStatus.RUNNING"
2026-09-01T14:53:48.9421641+05:30  ayushdebnath0123/openfwi-fno-pfno-benchmark has status "KernelWorkerStatus.RUNNING"
2026-09-01T14:54:51.9092883+05:30  ayushdebnath0123/openfwi-fno-pfno-benchmark has status "KernelWorkerStatus.RUNNING"
2026-09-01T14:55:54.8722331+05:30  ayushdebnath0123/openfwi-fno-pfno-benchmark has status "KernelWorkerStatus.RUNNING"
2026-09-01T14:56:56.7241397+05:30  ayushdebnath0123/openfwi-fno-pfno-benchmark has status "KernelWorkerStatus.RUNNING"
2026-09-01T14:57:57.7737744+05:30  ayushdebnath0123/openfwi-fno-pfno-benchmark has status "KernelWorkerStatus.RUNNING"
2026-09-01T14:58:58.7362832+05:30  ayushdebnath0123/openfwi-fno-pfno-benchmark has status "KernelWorkerStatus.RUNNING"
2026-09-01T15:00:00.5347966+05:30  ayushdebnath0123/openfwi-fno-pfno-benchmark has status "KernelWorkerStatus.RUNNING"
2026-09-01T15:01:01.5109919+05:30  ayushdebnath0123/openfwi-fno-pfno-benchmark has status "KernelWorkerStatus.RUNNING"
2026-09-01T15:02:02.4601594+05:30  ayushdebnath0123/openfwi-fno-pfno-benchmark has status "KernelWorkerStatus.RUNNING"
2026-09-01T15:03:03.4429944+05:30  ayushdebnath0123/openfwi-fno-pfno-benchmark has status "KernelWorkerStatus.RUNNING"
2026-09-01T15:04:05.2620005+05:30  ayushdebnath0123/openfwi-fno-pfno-benchmark has status "KernelWorkerStatus.RUNNING"
2026-09-01T15:05:06.2605827+05:30  ayushdebnath0123/openfwi-fno-pfno-benchmark has status "KernelWorkerStatus.RUNNING"
2026-09-01T15:06:09.2256572+05:30  ayushdebnath0123/openfwi-fno-pfno-benchmark has status "KernelWorkerStatus.RUNNING"
2026-09-01T15:07:12.1544423+05:30  ayushdebnath0123/openfwi-fno-pfno-benchmark has status "KernelWorkerStatus.RUNNING"
2026-09-01T15:08:16.0279199+05:30  ayushdebnath0123/openfwi-fno-pfno-benchmark has status "KernelWorkerStatus.RUNNING"
2026-09-01T15:09:17.0092001+05:30  ayushdebnath0123/openfwi-fno-pfno-benchmark has status "KernelWorkerStatus.RUNNING"
2026-09-01T15:10:17.9904657+05:30  ayushdebnath0123/openfwi-fno-pfno-benchmark has status "KernelWorkerStatus.RUNNING"
2026-09-01T17:50:00.8283692+05:30  ayushdebnath0123/openfwi-fno-pfno-benchmark has status "KernelWorkerStatus.COMPLETE"
2026-09-01T17:50:00.8309732+05:30  downloading Kaggle output files
2026-09-01T17:51:25.9239619+05:30  Output file downloaded to C:\Users\USER_HP\Desktop\SciML Project\results\openfwi\kaggle_gpu_v2\bench_results/benchmark_status.json
2026-09-01T17:51:25.9390105+05:30  Output file downloaded to C:\Users\USER_HP\Desktop\SciML Project\results\openfwi\kaggle_gpu_v2\bench_results/curvevel_b/FNO_state.pt
2026-09-01T17:51:25.9410192+05:30  Output file downloaded to C:\Users\USER_HP\Desktop\SciML Project\results\openfwi\kaggle_gpu_v2\bench_results/curvevel_b/PFNO_state.pt
2026-09-01T17:51:25.9430271+05:30  Output file downloaded to C:\Users\USER_HP\Desktop\SciML Project\results\openfwi\kaggle_gpu_v2\bench_results/curvevel_b/openfwi_histories.json
2026-09-01T17:51:25.9430271+05:30  Output file downloaded to C:\Users\USER_HP\Desktop\SciML Project\results\openfwi\kaggle_gpu_v2\bench_results/curvevel_b/openfwi_predictions.npz
2026-09-01T17:51:25.9430271+05:30  Output file downloaded to C:\Users\USER_HP\Desktop\SciML Project\results\openfwi\kaggle_gpu_v2\bench_results/curvevel_b/openfwi_summary.json
2026-09-01T17:51:25.9505413+05:30  Output file downloaded to C:\Users\USER_HP\Desktop\SciML Project\results\openfwi\kaggle_gpu_v2\bench_results/flatvel_b/FNO_state.pt
2026-09-01T17:51:25.9547050+05:30  Output file downloaded to C:\Users\USER_HP\Desktop\SciML Project\results\openfwi\kaggle_gpu_v2\bench_results/flatvel_b/PFNO_state.pt
2026-09-01T17:51:25.9607331+05:30  Output file downloaded to C:\Users\USER_HP\Desktop\SciML Project\results\openfwi\kaggle_gpu_v2\bench_results/flatvel_b/openfwi_histories.json
2026-09-01T17:51:25.9607331+05:30  Output file downloaded to C:\Users\USER_HP\Desktop\SciML Project\results\openfwi\kaggle_gpu_v2\bench_results/flatvel_b/openfwi_predictions.npz
2026-09-01T17:51:25.9607331+05:30  Output file downloaded to C:\Users\USER_HP\Desktop\SciML Project\results\openfwi\kaggle_gpu_v2\bench_results/flatvel_b/openfwi_summary.json
2026-09-01T17:51:25.9688311+05:30  Output file downloaded to C:\Users\USER_HP\Desktop\SciML Project\results\openfwi\kaggle_gpu_v2\curvevel_b_fno_pfno.zip
2026-09-01T17:51:25.9705708+05:30  Output file downloaded to C:\Users\USER_HP\Desktop\SciML Project\results\openfwi\kaggle_gpu_v2\flatvel_b_fno_pfno.zip
2026-09-01T17:51:25.9705708+05:30  Output file downloaded to C:\Users\USER_HP\Desktop\SciML Project\results\openfwi\kaggle_gpu_v2\openfwi_fno_pfno_benchmark.zip
2026-09-01T17:51:25.9705708+05:30  Kernel log downloaded to C:\Users\USER_HP\Desktop\SciML Project\results\openfwi\kaggle_gpu_v2\openfwi-fno-pfno-benchmark.log 
2026-09-01T17:51:27.1183780+05:30  download complete: C:\Users\USER_HP\Desktop\SciML Project\results\openfwi\kaggle_gpu_v2
