
=== Homogeneous ===
  reference cheb n=512 (79.2s); n=384 differs by 1.265e-12%
    fd2 nx=250      0.35135%   0.004s
    fd2 nx=500      0.07122%   0.010s
    fd2 nx=1000     0.04039%   0.018s
    fd2 nx=2000     0.03952%   0.018s
    fd2 nx=4000     0.03955%   0.060s
    fd2 nx=8000     0.03957%   0.122s
  fd2     n=50       13.15640%    0.0013s
  fd2     n=100       2.65662%    0.0011s
  fd2     n=200       0.64270%    0.0020s
  fd2     n=400       0.12344%    0.0032s
  fd2     n=800       0.04309%    0.0062s
  fd2     n=1600      0.03952%    0.0132s
  fd2     n=3200      0.03954%    0.0381s
  fd2     n=6400      0.03956%    0.0921s
  fem_p1  n=50       13.02295%    0.0012s
  fem_p1  n=100       2.62560%    0.0012s
  fem_p1  n=200       0.63439%    0.0021s
  fem_p1  n=400       0.12194%    0.0034s
  fem_p1  n=800       0.04298%    0.0070s
  fem_p1  n=1600      0.03952%    0.0153s
  fem_p1  n=3200      0.03954%    0.0413s
  fem_p1  n=6400      0.03956%    0.1182s
  cheb    n=32        5.72094%    0.0383s
  cheb    n=48        8.87779%    0.0654s
  cheb    n=64        0.00004%    0.1303s
  cheb    n=96        0.00000%    0.2990s
  cheb    n=128       0.00000%    0.5933s
  cheb    n=192       0.00000%    1.9482s
  cheb    n=256       0.00000%    4.3498s

=== TwoLayer ===
  reference cheb n=512 (97.7s); n=384 differs by 1.897e-05%
    fd2 nx=250      0.50233%   0.002s
    fd2 nx=500      0.13820%   0.005s
    fd2 nx=1000     0.04587%   0.009s
    fd2 nx=2000     0.03985%   0.021s
    fd2 nx=4000     0.03956%   0.064s
    fd2 nx=8000     0.03956%   0.169s
  fd2     n=50       15.71115%    0.0014s
  fd2     n=100       3.52959%    0.0013s
  fd2     n=200       0.94343%    0.0022s
  fd2     n=400       0.17872%    0.0038s
  fd2     n=800       0.05829%    0.0076s
  fd2     n=1600      0.04034%    0.0163s
  fd2     n=3200      0.03957%    0.0438s
  fd2     n=6400      0.03956%    0.1179s
  fem_p1  n=50       15.73008%    0.0014s
  fem_p1  n=100       3.49487%    0.0013s
  fem_p1  n=200       0.93390%    0.0023s
  fem_p1  n=400       0.17603%    0.0038s
  fem_p1  n=800       0.05768%    0.0081s
  fem_p1  n=1600      0.04029%    0.0188s
  fem_p1  n=3200      0.03956%    0.0506s
  fem_p1  n=6400      0.03956%    0.1461s
  cheb    n=32       10.50645%    0.0411s
  cheb    n=48        9.25585%    0.0766s
  cheb    n=64        1.14351%    0.1296s
  cheb    n=96        0.25225%    0.3154s
  cheb    n=128       0.06746%    0.6469s
  cheb    n=192       0.00708%    2.0459s
  cheb    n=256       0.00095%    5.0636s

=== MultiLayer ===
  reference cheb n=512 (110.6s); n=384 differs by 1.365e-04%
    fd2 nx=250      0.62180%   0.003s
    fd2 nx=500      0.14598%   0.006s
    fd2 nx=1000     0.04785%   0.011s
    fd2 nx=2000     0.03971%   0.027s
    fd2 nx=4000     0.03948%   0.077s
    fd2 nx=8000     0.03954%   0.225s
  fd2     n=50       17.20992%    0.0013s
  fd2     n=100       3.20653%    0.0014s
  fd2     n=200       0.80641%    0.0022s
  fd2     n=400       0.21054%    0.0045s
  fd2     n=800       0.06420%    0.0101s
  fd2     n=1600      0.04055%    0.0228s
  fd2     n=3200      0.03946%    0.0584s
  fd2     n=6400      0.03953%    0.1543s
  fem_p1  n=50       16.99480%    0.0015s
  fem_p1  n=100       3.14054%    0.0014s
  fem_p1  n=200       0.78947%    0.0023s
  fem_p1  n=400       0.20617%    0.0048s
  fem_p1  n=800       0.06323%    0.0106s
  fem_p1  n=1600      0.04045%    0.0240s
  fem_p1  n=3200      0.03945%    0.0657s
  fem_p1  n=6400      0.03953%    0.1904s
  cheb    n=32       10.76370%    0.0507s
  cheb    n=48        9.22965%    0.1071s
  cheb    n=64        0.91516%    0.2167s
  cheb    n=96        0.27852%    0.4523s
  cheb    n=128       0.08541%    0.9383s
  cheb    n=192       0.01304%    2.5804s
  cheb    n=256       0.00272%    6.8362s

wrote results/classical/classical_benchmark.json
