2026-09-02T00:07:21.9392002+05:30  waiting for both OpenFWI DeepONet/GNO jobs to finish
2026-09-02T00:07:22.9799027+05:30  ayushdebnath0123/openfwi-deeponet-gno-flatvel-b has status "KernelWorkerStatus.RUNNING"
2026-09-02T00:08:24.4731039+05:30  ayushdebnath0123/openfwi-deeponet-gno-flatvel-b has status "KernelWorkerStatus.RUNNING"
2026-09-02T00:09:25.7198986+05:30  ayushdebnath0123/openfwi-deeponet-gno-flatvel-b has status "KernelWorkerStatus.RUNNING"
2026-09-02T00:10:27.8261878+05:30  ayushdebnath0123/openfwi-deeponet-gno-flatvel-b has status "KernelWorkerStatus.RUNNING"
2026-09-02T00:11:28.8914100+05:30  ayushdebnath0123/openfwi-deeponet-gno-flatvel-b has status "KernelWorkerStatus.RUNNING"
2026-09-02T00:12:30.7430445+05:30  ayushdebnath0123/openfwi-deeponet-gno-flatvel-b has status "KernelWorkerStatus.RUNNING"
2026-09-02T00:13:32.6055154+05:30  ayushdebnath0123/openfwi-deeponet-gno-flatvel-b has status "KernelWorkerStatus.RUNNING"
2026-09-02T00:14:33.6549813+05:30  ayushdebnath0123/openfwi-deeponet-gno-flatvel-b has status "KernelWorkerStatus.RUNNING"
2026-09-02T00:15:34.8615004+05:30  ayushdebnath0123/openfwi-deeponet-gno-flatvel-b has status "KernelWorkerStatus.RUNNING"
2026-09-02T00:16:36.7691609+05:30  ayushdebnath0123/openfwi-deeponet-gno-flatvel-b has status "KernelWorkerStatus.RUNNING"
2026-09-02T00:17:38.5443036+05:30  ayushdebnath0123/openfwi-deeponet-gno-flatvel-b has status "KernelWorkerStatus.RUNNING"
2026-09-02T00:18:40.1175503+05:30  ayushdebnath0123/openfwi-deeponet-gno-flatvel-b has status "KernelWorkerStatus.RUNNING"
2026-09-02T00:19:41.5532483+05:30  ayushdebnath0123/openfwi-deeponet-gno-flatvel-b has status "KernelWorkerStatus.RUNNING"
2026-09-02T00:20:42.8555540+05:30  ayushdebnath0123/openfwi-deeponet-gno-flatvel-b has status "KernelWorkerStatus.RUNNING"
2026-09-02T00:21:44.1317002+05:30  ayushdebnath0123/openfwi-deeponet-gno-flatvel-b has status "KernelWorkerStatus.RUNNING"
2026-09-02T00:22:45.9576279+05:30  ayushdebnath0123/openfwi-deeponet-gno-flatvel-b has status "KernelWorkerStatus.RUNNING"
2026-09-02T00:23:47.4052811+05:30  ayushdebnath0123/openfwi-deeponet-gno-flatvel-b has status "KernelWorkerStatus.RUNNING"
2026-09-02T00:24:48.8600021+05:30  ayushdebnath0123/openfwi-deeponet-gno-flatvel-b has status "KernelWorkerStatus.RUNNING"
2026-09-02T00:25:50.8889870+05:30  ayushdebnath0123/openfwi-deeponet-gno-flatvel-b has status "KernelWorkerStatus.RUNNING"
2026-09-02T00:26:52.2014939+05:30  ayushdebnath0123/openfwi-deeponet-gno-flatvel-b has status "KernelWorkerStatus.RUNNING"
2026-09-02T00:27:54.3485557+05:30  ayushdebnath0123/openfwi-deeponet-gno-flatvel-b has status "KernelWorkerStatus.RUNNING"
2026-09-02T00:28:55.5947079+05:30  ayushdebnath0123/openfwi-deeponet-gno-flatvel-b has status "KernelWorkerStatus.RUNNING"
2026-09-02T00:29:57.6646392+05:30  ayushdebnath0123/openfwi-deeponet-gno-flatvel-b has status "KernelWorkerStatus.RUNNING"
2026-09-02T00:30:58.7774183+05:30  ayushdebnath0123/openfwi-deeponet-gno-flatvel-b has status "KernelWorkerStatus.RUNNING"
2026-09-02T00:32:00.0764086+05:30  ayushdebnath0123/openfwi-deeponet-gno-flatvel-b has status "KernelWorkerStatus.RUNNING"
2026-09-02T00:33:01.3338180+05:30  ayushdebnath0123/openfwi-deeponet-gno-flatvel-b has status "KernelWorkerStatus.RUNNING"
2026-09-02T00:34:03.5947437+05:30  ayushdebnath0123/openfwi-deeponet-gno-flatvel-b has status "KernelWorkerStatus.RUNNING"
2026-09-02T00:35:04.6425441+05:30  ayushdebnath0123/openfwi-deeponet-gno-flatvel-b has status "KernelWorkerStatus.RUNNING"
2026-09-02T00:36:06.7356348+05:30  ayushdebnath0123/openfwi-deeponet-gno-flatvel-b has status "KernelWorkerStatus.RUNNING"
2026-09-02T00:37:08.5642149+05:30  ayushdebnath0123/openfwi-deeponet-gno-flatvel-b has status "KernelWorkerStatus.RUNNING"
2026-09-02T00:38:09.6966136+05:30  ayushdebnath0123/openfwi-deeponet-gno-flatvel-b has status "KernelWorkerStatus.RUNNING"
2026-09-02T00:39:11.6696094+05:30  ayushdebnath0123/openfwi-deeponet-gno-flatvel-b has status "KernelWorkerStatus.RUNNING"
2026-09-02T00:40:12.6847837+05:30  ayushdebnath0123/openfwi-deeponet-gno-flatvel-b has status "KernelWorkerStatus.RUNNING"
2026-09-02T00:41:13.7371779+05:30  ayushdebnath0123/openfwi-deeponet-gno-flatvel-b has status "KernelWorkerStatus.RUNNING"
2026-09-02T00:42:15.7905755+05:30  ayushdebnath0123/openfwi-deeponet-gno-flatvel-b has status "KernelWorkerStatus.RUNNING"
2026-09-02T00:43:16.8083449+05:30  ayushdebnath0123/openfwi-deeponet-gno-flatvel-b has status "KernelWorkerStatus.RUNNING"
2026-09-02T00:44:17.8400443+05:30  ayushdebnath0123/openfwi-deeponet-gno-flatvel-b has status "KernelWorkerStatus.RUNNING"
2026-09-02T00:45:19.7096957+05:30  ayushdebnath0123/openfwi-deeponet-gno-flatvel-b has status "KernelWorkerStatus.RUNNING"
2026-09-02T00:46:20.7745991+05:30  ayushdebnath0123/openfwi-deeponet-gno-flatvel-b has status "KernelWorkerStatus.RUNNING"
2026-09-02T00:47:22.6930045+05:30  ayushdebnath0123/openfwi-deeponet-gno-flatvel-b has status "KernelWorkerStatus.RUNNING"
2026-09-02T00:48:23.7494762+05:30  ayushdebnath0123/openfwi-deeponet-gno-flatvel-b has status "KernelWorkerStatus.RUNNING"
2026-09-02T00:49:24.7657037+05:30  ayushdebnath0123/openfwi-deeponet-gno-flatvel-b has status "KernelWorkerStatus.RUNNING"
2026-09-02T00:50:26.6139773+05:30  ayushdebnath0123/openfwi-deeponet-gno-flatvel-b has status "KernelWorkerStatus.RUNNING"
2026-09-02T00:51:27.6055865+05:30  ayushdebnath0123/openfwi-deeponet-gno-flatvel-b has status "KernelWorkerStatus.RUNNING"
2026-09-02T00:52:28.6326457+05:30  ayushdebnath0123/openfwi-deeponet-gno-flatvel-b has status "KernelWorkerStatus.RUNNING"
2026-09-02T00:53:30.5295111+05:30  ayushdebnath0123/openfwi-deeponet-gno-flatvel-b has status "KernelWorkerStatus.RUNNING"
2026-09-02T00:54:31.6431933+05:30  ayushdebnath0123/openfwi-deeponet-gno-flatvel-b has status "KernelWorkerStatus.RUNNING"
2026-09-02T00:55:32.6519671+05:30  ayushdebnath0123/openfwi-deeponet-gno-flatvel-b has status "KernelWorkerStatus.RUNNING"
2026-09-02T00:56:34.5676596+05:30  ayushdebnath0123/openfwi-deeponet-gno-flatvel-b has status "KernelWorkerStatus.RUNNING"
2026-09-02T00:57:35.5359288+05:30  ayushdebnath0123/openfwi-deeponet-gno-flatvel-b has status "KernelWorkerStatus.RUNNING"
2026-09-02T00:58:37.4049501+05:30  ayushdebnath0123/openfwi-deeponet-gno-flatvel-b has status "KernelWorkerStatus.RUNNING"
2026-09-02T00:59:38.5122489+05:30  ayushdebnath0123/openfwi-deeponet-gno-flatvel-b has status "KernelWorkerStatus.RUNNING"
2026-09-02T01:00:39.5079601+05:30  ayushdebnath0123/openfwi-deeponet-gno-flatvel-b has status "KernelWorkerStatus.RUNNING"
2026-09-02T01:01:41.4947510+05:30  ayushdebnath0123/openfwi-deeponet-gno-flatvel-b has status "KernelWorkerStatus.RUNNING"
2026-09-02T01:02:42.5705098+05:30  ayushdebnath0123/openfwi-deeponet-gno-flatvel-b has status "KernelWorkerStatus.RUNNING"
2026-09-02T01:03:44.4251154+05:30  ayushdebnath0123/openfwi-deeponet-gno-flatvel-b has status "KernelWorkerStatus.RUNNING"
2026-09-02T01:04:45.4282563+05:30  ayushdebnath0123/openfwi-deeponet-gno-flatvel-b has status "KernelWorkerStatus.RUNNING"
2026-09-02T01:05:46.4270386+05:30  ayushdebnath0123/openfwi-deeponet-gno-flatvel-b has status "KernelWorkerStatus.RUNNING"
2026-09-02T01:06:47.4311404+05:30  ayushdebnath0123/openfwi-deeponet-gno-flatvel-b has status "KernelWorkerStatus.RUNNING"
2026-09-02T01:07:48.4065752+05:30  ayushdebnath0123/openfwi-deeponet-gno-flatvel-b has status "KernelWorkerStatus.RUNNING"
2026-09-02T01:08:50.3395979+05:30  ayushdebnath0123/openfwi-deeponet-gno-flatvel-b has status "KernelWorkerStatus.RUNNING"
2026-09-02T01:09:51.3249152+05:30  ayushdebnath0123/openfwi-deeponet-gno-flatvel-b has status "KernelWorkerStatus.RUNNING"
2026-09-02T01:10:53.1979628+05:30  ayushdebnath0123/openfwi-deeponet-gno-flatvel-b has status "KernelWorkerStatus.RUNNING"
2026-09-02T01:11:54.2400659+05:30  ayushdebnath0123/openfwi-deeponet-gno-flatvel-b has status "KernelWorkerStatus.RUNNING"
2026-09-02T01:12:55.2704594+05:30  ayushdebnath0123/openfwi-deeponet-gno-flatvel-b has status "KernelWorkerStatus.RUNNING"
2026-09-02T01:13:56.4050900+05:30  ayushdebnath0123/openfwi-deeponet-gno-flatvel-b has status "KernelWorkerStatus.RUNNING"
2026-09-02T01:14:57.5478248+05:30  ayushdebnath0123/openfwi-deeponet-gno-flatvel-b has status "KernelWorkerStatus.RUNNING"
2026-09-02T01:15:59.4375473+05:30  ayushdebnath0123/openfwi-deeponet-gno-flatvel-b has status "KernelWorkerStatus.RUNNING"
2026-09-02T01:17:00.5583946+05:30  ayushdebnath0123/openfwi-deeponet-gno-flatvel-b has status "KernelWorkerStatus.RUNNING"
2026-09-02T01:18:01.6457621+05:30  ayushdebnath0123/openfwi-deeponet-gno-flatvel-b has status "KernelWorkerStatus.RUNNING"
2026-09-02T01:19:02.7587579+05:30  ayushdebnath0123/openfwi-deeponet-gno-flatvel-b has status "KernelWorkerStatus.RUNNING"
2026-09-02T01:20:03.8662916+05:30  ayushdebnath0123/openfwi-deeponet-gno-flatvel-b has status "KernelWorkerStatus.RUNNING"
2026-09-02T01:21:04.9797567+05:30  ayushdebnath0123/openfwi-deeponet-gno-flatvel-b has status "KernelWorkerStatus.RUNNING"
2026-09-02T01:22:06.2699280+05:30  ayushdebnath0123/openfwi-deeponet-gno-flatvel-b has status "KernelWorkerStatus.RUNNING"
2026-09-02T01:23:08.1685828+05:30  ayushdebnath0123/openfwi-deeponet-gno-flatvel-b has status "KernelWorkerStatus.RUNNING"
2026-09-02T01:24:09.2470913+05:30  ayushdebnath0123/openfwi-deeponet-gno-flatvel-b has status "KernelWorkerStatus.RUNNING"
2026-09-02T01:25:11.0969601+05:30  ayushdebnath0123/openfwi-deeponet-gno-flatvel-b has status "KernelWorkerStatus.RUNNING"
2026-09-02T01:26:12.2134346+05:30  ayushdebnath0123/openfwi-deeponet-gno-flatvel-b has status "KernelWorkerStatus.RUNNING"
2026-09-02T01:27:13.3347370+05:30  ayushdebnath0123/openfwi-deeponet-gno-flatvel-b has status "KernelWorkerStatus.RUNNING"
2026-09-02T01:28:14.4275172+05:30  ayushdebnath0123/openfwi-deeponet-gno-flatvel-b has status "KernelWorkerStatus.RUNNING"
2026-09-02T01:29:15.4920808+05:30  ayushdebnath0123/openfwi-deeponet-gno-flatvel-b has status "KernelWorkerStatus.RUNNING"
2026-09-02T01:30:17.4106533+05:30  ayushdebnath0123/openfwi-deeponet-gno-flatvel-b has status "KernelWorkerStatus.RUNNING"
2026-09-02T01:31:18.4424101+05:30  ayushdebnath0123/openfwi-deeponet-gno-flatvel-b has status "KernelWorkerStatus.RUNNING"
2026-09-02T01:32:19.8067853+05:30  ayushdebnath0123/openfwi-deeponet-gno-flatvel-b has status "KernelWorkerStatus.RUNNING"
2026-09-02T01:33:20.8120650+05:30  ayushdebnath0123/openfwi-deeponet-gno-flatvel-b has status "KernelWorkerStatus.RUNNING"
2026-09-02T01:34:22.6663684+05:30  ayushdebnath0123/openfwi-deeponet-gno-flatvel-b has status "KernelWorkerStatus.RUNNING"
2026-09-02T01:35:23.6866290+05:30  ayushdebnath0123/openfwi-deeponet-gno-flatvel-b has status "KernelWorkerStatus.COMPLETE"
2026-09-02T01:35:24.7115648+05:30  ayushdebnath0123/openfwi-deeponet-gno-curvevel-b has status "KernelWorkerStatus.RUNNING"
2026-09-02T01:36:25.7287315+05:30  ayushdebnath0123/openfwi-deeponet-gno-curvevel-b has status "KernelWorkerStatus.RUNNING"
2026-09-02T01:37:26.9839112+05:30  ayushdebnath0123/openfwi-deeponet-gno-curvevel-b has status "KernelWorkerStatus.COMPLETE"
2026-09-02T01:37:26.9957311+05:30  pushing shared SubsurfaceGen CPU cache builder
2026-09-02T01:37:29.4597476+05:30  Kernel version 1 successfully pushed.  Please check progress at https://www.kaggle.com/code/ayushdebnath0123/subsurfacegen-cache-600-100-80
2026-09-02T01:37:30.4827800+05:30  ayushdebnath0123/subsurfacegen-cache-600-100-80 has status "KernelWorkerStatus.QUEUED"
2026-09-02T01:38:32.3598745+05:30  ayushdebnath0123/subsurfacegen-cache-600-100-80 has status "KernelWorkerStatus.RUNNING"
2026-09-02T01:39:33.4287916+05:30  ayushdebnath0123/subsurfacegen-cache-600-100-80 has status "KernelWorkerStatus.RUNNING"
2026-09-02T01:40:34.4298608+05:30  ayushdebnath0123/subsurfacegen-cache-600-100-80 has status "KernelWorkerStatus.RUNNING"
2026-09-02T01:41:35.4562283+05:30  ayushdebnath0123/subsurfacegen-cache-600-100-80 has status "KernelWorkerStatus.RUNNING"
2026-09-02T01:42:36.5044656+05:30  ayushdebnath0123/subsurfacegen-cache-600-100-80 has status "KernelWorkerStatus.RUNNING"
2026-09-02T01:43:37.5797368+05:30  ayushdebnath0123/subsurfacegen-cache-600-100-80 has status "KernelWorkerStatus.RUNNING"
2026-09-02T01:44:38.6599522+05:30  ayushdebnath0123/subsurfacegen-cache-600-100-80 has status "KernelWorkerStatus.RUNNING"
2026-09-02T01:45:39.7945639+05:30  ayushdebnath0123/subsurfacegen-cache-600-100-80 has status "KernelWorkerStatus.RUNNING"
2026-09-02T01:46:41.6814386+05:30  ayushdebnath0123/subsurfacegen-cache-600-100-80 has status "KernelWorkerStatus.RUNNING"
2026-09-02T01:47:43.2212129+05:30  ayushdebnath0123/subsurfacegen-cache-600-100-80 has status "KernelWorkerStatus.RUNNING"
2026-09-02T01:48:44.5658084+05:30  ayushdebnath0123/subsurfacegen-cache-600-100-80 has status "KernelWorkerStatus.RUNNING"
2026-09-02T01:49:46.7593346+05:30  ayushdebnath0123/subsurfacegen-cache-600-100-80 has status "KernelWorkerStatus.RUNNING"
2026-09-02T01:50:48.6139659+05:30  ayushdebnath0123/subsurfacegen-cache-600-100-80 has status "KernelWorkerStatus.RUNNING"
2026-09-02T01:51:50.4663414+05:30  ayushdebnath0123/subsurfacegen-cache-600-100-80 has status "KernelWorkerStatus.RUNNING"
2026-09-02T01:52:51.6292315+05:30  ayushdebnath0123/subsurfacegen-cache-600-100-80 has status "KernelWorkerStatus.RUNNING"
2026-09-02T01:53:52.6090107+05:30  ayushdebnath0123/subsurfacegen-cache-600-100-80 has status "KernelWorkerStatus.RUNNING"
2026-09-02T01:54:53.5818961+05:30  ayushdebnath0123/subsurfacegen-cache-600-100-80 has status "KernelWorkerStatus.RUNNING"
2026-09-02T01:57:31.0078752+05:30  ayushdebnath0123/subsurfacegen-cache-600-100-80 has status "KernelWorkerStatus.RUNNING"
2026-09-02T01:58:31.9550619+05:30  ayushdebnath0123/subsurfacegen-cache-600-100-80 has status "KernelWorkerStatus.RUNNING"
2026-09-02T01:59:33.9597073+05:30  ayushdebnath0123/subsurfacegen-cache-600-100-80 has status "KernelWorkerStatus.RUNNING"
2026-09-02T02:00:35.8081016+05:30  ayushdebnath0123/subsurfacegen-cache-600-100-80 has status "KernelWorkerStatus.RUNNING"
2026-09-02T02:01:36.8225295+05:30  ayushdebnath0123/subsurfacegen-cache-600-100-80 has status "KernelWorkerStatus.RUNNING"
2026-09-02T02:02:37.8606295+05:30  ayushdebnath0123/subsurfacegen-cache-600-100-80 has status "KernelWorkerStatus.RUNNING"
2026-09-02T02:03:38.9140943+05:30  ayushdebnath0123/subsurfacegen-cache-600-100-80 has status "KernelWorkerStatus.RUNNING"
2026-09-02T02:04:40.8300471+05:30  ayushdebnath0123/subsurfacegen-cache-600-100-80 has status "KernelWorkerStatus.RUNNING"
2026-09-02T02:05:41.8780314+05:30  ayushdebnath0123/subsurfacegen-cache-600-100-80 has status "KernelWorkerStatus.RUNNING"
2026-09-02T02:06:42.9079354+05:30  ayushdebnath0123/subsurfacegen-cache-600-100-80 has status "KernelWorkerStatus.RUNNING"
2026-09-02T02:07:43.9988095+05:30  ayushdebnath0123/subsurfacegen-cache-600-100-80 has status "KernelWorkerStatus.RUNNING"
2026-09-02T02:08:45.2480474+05:30  ayushdebnath0123/subsurfacegen-cache-600-100-80 has status "KernelWorkerStatus.RUNNING"
2026-09-02T02:09:47.1335312+05:30  ayushdebnath0123/subsurfacegen-cache-600-100-80 has status "KernelWorkerStatus.RUNNING"
2026-09-02T02:10:48.2133642+05:30  ayushdebnath0123/subsurfacegen-cache-600-100-80 has status "KernelWorkerStatus.RUNNING"
2026-09-02T02:11:49.3290251+05:30  ayushdebnath0123/subsurfacegen-cache-600-100-80 has status "KernelWorkerStatus.RUNNING"
2026-09-02T02:12:50.4858215+05:30  ayushdebnath0123/subsurfacegen-cache-600-100-80 has status "KernelWorkerStatus.RUNNING"
2026-09-02T02:13:52.6835648+05:30  ayushdebnath0123/subsurfacegen-cache-600-100-80 has status "KernelWorkerStatus.RUNNING"
2026-09-02T02:14:53.6849302+05:30  ayushdebnath0123/subsurfacegen-cache-600-100-80 has status "KernelWorkerStatus.RUNNING"
2026-09-02T02:15:55.5388654+05:30  ayushdebnath0123/subsurfacegen-cache-600-100-80 has status "KernelWorkerStatus.RUNNING"
2026-09-02T02:16:56.5665674+05:30  ayushdebnath0123/subsurfacegen-cache-600-100-80 has status "KernelWorkerStatus.RUNNING"
2026-09-02T02:17:57.6174785+05:30  ayushdebnath0123/subsurfacegen-cache-600-100-80 has status "KernelWorkerStatus.RUNNING"
2026-09-02T02:18:58.6408040+05:30  ayushdebnath0123/subsurfacegen-cache-600-100-80 has status "KernelWorkerStatus.RUNNING"
2026-09-02T02:19:59.6650640+05:30  ayushdebnath0123/subsurfacegen-cache-600-100-80 has status "KernelWorkerStatus.RUNNING"
2026-09-02T02:21:00.8572282+05:30  ayushdebnath0123/subsurfacegen-cache-600-100-80 has status "KernelWorkerStatus.RUNNING"
2026-09-02T02:22:01.9146845+05:30  ayushdebnath0123/subsurfacegen-cache-600-100-80 has status "KernelWorkerStatus.RUNNING"
2026-09-02T02:23:03.8090136+05:30  ayushdebnath0123/subsurfacegen-cache-600-100-80 has status "KernelWorkerStatus.RUNNING"
2026-09-02T02:24:05.0387067+05:30  ayushdebnath0123/subsurfacegen-cache-600-100-80 has status "KernelWorkerStatus.RUNNING"
2026-09-02T02:25:06.1127101+05:30  ayushdebnath0123/subsurfacegen-cache-600-100-80 has status "KernelWorkerStatus.RUNNING"
2026-09-02T02:26:08.0209541+05:30  ayushdebnath0123/subsurfacegen-cache-600-100-80 has status "KernelWorkerStatus.RUNNING"
2026-09-02T02:27:09.0417747+05:30  ayushdebnath0123/subsurfacegen-cache-600-100-80 has status "KernelWorkerStatus.COMPLETE"
2026-09-02T02:27:12.1791088+05:30  Output file downloaded to C:\Users\USER_HP\Desktop\SciML Project\results\ssgen\kaggle_cache_status\ssgen_data/cache_status.json
2026-09-02T02:27:12.1871378+05:30  Kernel log downloaded to C:\Users\USER_HP\Desktop\SciML Project\results\ssgen\kaggle_cache_status\subsurfacegen-cache-600-100-80.log 
2026-09-02T02:27:12.2276788+05:30  pushing four-model SubsurfaceGen GPU probe
2026-09-02T02:27:16.8797581+05:30  Kernel version 1 successfully pushed.  Please check progress at https://www.kaggle.com/code/ayushdebnath0123/subsurfacegen-four-model-gpu-probe
2026-09-02T02:27:17.9323501+05:30  ayushdebnath0123/subsurfacegen-four-model-gpu-probe has status "KernelWorkerStatus.RUNNING"
2026-09-02T02:28:19.8357995+05:30  ayushdebnath0123/subsurfacegen-four-model-gpu-probe has status "KernelWorkerStatus.RUNNING"
2026-09-02T02:29:20.8859170+05:30  ayushdebnath0123/subsurfacegen-four-model-gpu-probe has status "KernelWorkerStatus.RUNNING"
2026-09-02T02:30:22.7758417+05:30  ayushdebnath0123/subsurfacegen-four-model-gpu-probe has status "KernelWorkerStatus.ERROR"
2026-09-02T02:30:23.8727485+05:30  Kernel log downloaded to C:\Users\USER_HP\Desktop\SciML Project\results\ssgen\kaggle_four_model_probe\subsurfacegen-four-model-gpu-probe.log 
2026-09-02T02:30:25.2352455+05:30  cache and GPU probe complete: C:\Users\USER_HP\Desktop\SciML Project\results\ssgen\kaggle_four_model_probe
